<HTML>
<HEAD>
<TITLE>Software Version Description for ExtUtils::SVDmaker::SVDtest - Test SVDmaker</TITLE>
<LINK REL="stylesheet" HREF="help.css" TYPE="text/css">
<LINK REV="made" HREF="mailto:">
</HEAD>

<BODY>
<TABLE BORDER=0 CELLPADDING=0 CELLSPACING=0 WIDTH=100%>
<TR><TD CLASS=block VALIGN=MIDDLE WIDTH=100% BGCOLOR="#cccccc">
<FONT SIZE=+1><STRONG><P CLASS=block>&nbsp;Software Version Description for ExtUtils::SVDmaker::SVDtest - Test SVDmaker</P></STRONG></FONT>
</TD></TR>
</TABLE>

<A NAME="__index__"></A>
<!-- INDEX BEGIN -->

<UL>

	<LI><A HREF="#title page">Title Page</A></LI>
	<LI><A HREF="#1.0 scope">1.0 SCOPE</A></LI>
	<UL>

		<LI><A HREF="#1.1 indentification">1.1 Indentification</A></LI>
		<LI><A HREF="#1.2 system overview">1.2 System overview</A></LI>
		<LI><A HREF="#1.3 document overview.">1.3 Document overview.</A></LI>
	</UL>

	<LI><A HREF="#3.0 version description">3.0 VERSION DESCRIPTION</A></LI>
	<UL>

		<LI><A HREF="#3.1 inventory of materials released.">3.1 Inventory of materials released.</A></LI>
		<LI><A HREF="#3.1.1 files.">3.1.1 Files.</A></LI>
		<LI><A HREF="#3.1.2 copyright.">3.1.2 Copyright.</A></LI>
		<LI><A HREF="#3.1.3 copyright holder contact.">3.1.3 Copyright holder contact.</A></LI>
		<LI><A HREF="#3.1.4 license.">3.1.4 License.</A></LI>
		<LI><A HREF="#3.2 inventory of software contents">3.2 Inventory of software contents</A></LI>
		<LI><A HREF="#3.3 changes">3.3 Changes</A></LI>
		<LI><A HREF="#3.4 adaptation data.">3.4 Adaptation data.</A></LI>
		<LI><A HREF="#3.5 related documents.">3.5 Related documents.</A></LI>
		<LI><A HREF="#3.6 installation instructions.">3.6 Installation instructions.</A></LI>
		<LI><A HREF="#3.6.1 installation support.">3.6.1 Installation support.</A></LI>
		<LI><A HREF="#3.6.2 installation tests.">3.6.2 Installation Tests.</A></LI>
		<LI><A HREF="#3.7 possible problems and known errors">3.7 Possible problems and known errors</A></LI>
	</UL>

	<LI><A HREF="#4.0 notes">4.0 NOTES</A></LI>
	<LI><A HREF="#2.0 see also">2.0 SEE ALSO</A></LI>
</UL>
<!-- INDEX END -->

<HR>
<P>
<H1><A NAME="title page">Title Page</A></H1>
<PRE>
 Software Version Description</PRE>
<PRE>
 for</PRE>
<PRE>
 ExtUtils::SVDmaker::SVDtest - Test SVDmaker</PRE>
<PRE>
 Revision: -</PRE>
<PRE>
 Version: 0.02</PRE>
<PRE>
 Date: 2003/06/17</PRE>
<PRE>
 Prepared for: General Public</PRE>
<PRE>
 Prepared by:  SoftwareDiamonds.com E&lt;lt&gt;support@SoftwareDiamonds.comE&lt;gt&gt;</PRE>
<PRE>
 Copyright: copyright © 2003 Software Diamonds</PRE>
<PRE>
 Classification: NONE</PRE>
<P>
<A HREF="#__index__"><SMALL>'Back to Top'</SMALL></A>
<HR>
<H1><A NAME="1.0 scope">1.0 SCOPE</A></H1>
<P>This paragraph identifies and provides an overview
of the released files.</P>
<P>
<H2><A NAME="1.1 indentification">1.1 Indentification</A></H2>
<P>This release is a collection of Perl modules that
extend the capabilities of the Perl language.</P>
<P>
<H2><A NAME="1.2 system overview">1.2 System overview</A></H2>
<P>The system is the Perl programming language software.
The system does not have any hardware.
The Perl programming language contains two features that
are utilized by this release:</P>
<OL>
<LI>
Program Modules to extend the languages
<P></P>
<LI>
Plain Old Documentation (POD) that may be embedded in the language
<P></P></OL>
<P>These features are established by the referenced documents.</P>
<P>The ExtUtils::SVDmaker::SVDtest module is a SVDmaker test module.</P>
<P>
<H2><A NAME="1.3 document overview.">1.3 Document overview.</A></H2>
<P>This document releases SVDtest1 version 0.02
providing description of the inventory, installation
instructions and other information necessary to
utilize and track this release.</P>
<P>
<A HREF="#__index__"><SMALL>'Back to Top'</SMALL></A>
<HR>
<H1><A NAME="3.0 version description">3.0 VERSION DESCRIPTION</A></H1>
<P>All file specifications in this SVD
use the Unix operating
system file specification.</P>
<P>
<H2><A NAME="3.1 inventory of materials released.">3.1 Inventory of materials released.</A></H2>
<P>
<H2><A NAME="3.1.1 files.">3.1.1 Files.</A></H2>
<P>This document releases the file found
at the following repository:</P>
<PRE>
   <A HREF="http://www.softwarediamonds/packages/SVDtest1-0.02">http://www.softwarediamonds/packages/SVDtest1-0.02</A>
   <A HREF="http://www.perl.com/CPAN-local/authors/id/S/SO/SOFTDIA/SVDtest1-0.02">http://www.perl.com/CPAN-local/authors/id/S/SO/SOFTDIA/SVDtest1-0.02</A></PRE>
<P>
<H2><A NAME="3.1.2 copyright.">3.1.2 Copyright.</A></H2>
<P>copyright © 2003 Software Diamonds</P>
<P>
<H2><A NAME="3.1.3 copyright holder contact.">3.1.3 Copyright holder contact.</A></H2>
<PRE>
 603 882-0846 E&lt;lt&gt;support@SoftwareDiamonds.comE&lt;gt&gt;</PRE>
<P>
<H2><A NAME="3.1.4 license.">3.1.4 License.</A></H2>
<P>Software Diamonds permits the redistribution
and use in source and binary forms, with or
without modification, provided that the 
following conditions are met:</P>
<OL>
<LI>
Redistributions of source code, modified or unmodified
must retain the above copyright notice, this list of
conditions and the following disclaimer.
<P></P>
<LI>
Redistributions in binary form must 
reproduce the above copyright notice,
this list of conditions and the following 
disclaimer in the documentation and/or
other materials provided with the
distribution.
<P></P></OL>
<P>SOFTWARE DIAMONDS, <A HREF="http://www.SoftwareDiamonds.com,">http://www.SoftwareDiamonds.com,</A>
PROVIDES THIS SOFTWARE 
'AS IS' AND ANY EXPRESS OR IMPLIED WARRANTIES,
INCLUDING, BUT NOT LIMITED TO, THE IMPLIED
WARRANTIES OF MERCHANTABILITY AND FITNESS FOR
A PARTICULAR PURPOSE ARE DISCLAIMED. IN NO EVENT
SHALL SOFTWARE DIAMONDS BE LIABLE FOR ANY DIRECT,
INDIRECT, INCIDENTAL, SPECIAL,EXEMPLARY, OR 
CONSEQUENTIAL DAMAGES (INCLUDING, BUT NOT LIMITED
TO, PROCUREMENT OF SUBSTITUTE GOODS OR SERVICES;
LOSS OF USE,DATA, OR PROFITS; OR BUSINESS
INTERRUPTION) HOWEVER CAUSED AND ON ANY THEORY
OF LIABILITY, WHETHER IN CONTRACT, STRICT LIABILITY,
OR TORT (INCLUDING USE OF THIS SOFTWARE, EVEN IF
ADVISED OF NEGLIGENCE OR OTHERWISE) ARISING IN
ANY WAY OUT OF THE POSSIBILITY OF SUCH DAMAGE.</P>
<P>
<H2><A NAME="3.2 inventory of software contents">3.2 Inventory of software contents</A></H2>
<P>The content of the released, compressed, archieve file,
consists of the following files:</P>
<PRE>
 file                                                         version date       comment
 ------------------------------------------------------------ ------- ---------- ------------------------
 lib/SVDtest1.pm                                              0.02    2003/06/17 revised 0.01
 MANIFEST                                                     0.02    2003/06/17 generated, replaces 0.01
 Makefile.PL                                                  0.02    2003/06/17 generated, replaces 0.01
 README                                                       0.02    2003/06/17 generated, replaces 0.01
 lib/SVDtest1.pm                                              0.02    2003/06/17 revised 0.01
 lib/module1.pm                                               0.01    2003/06/15 unchanged
 t/SVDtest0.t                                                 0.03    2003/06/15 unchanged
 t/SVDtest1.t                                                 0.03    2003/06/15 unchanged
 t/SVDtest2.t                                                 0.03    2003/06/15 unchanged</PRE>
<P>
<H2><A NAME="3.3 changes">3.3 Changes</A></H2>
<P>This is the original release. There are no preivious releases to change.</P>
<P>
<H2><A NAME="3.4 adaptation data.">3.4 Adaptation data.</A></H2>
<P>This installation requires that the installation site
has the Perl programming language installed.
Installation sites running Microsoft Operating systems require
the installation of Unix utilities. 
An excellent, highly recommended Unix utilities for Microsoft
operating systems is unxutils by Karl M. Syring.
A copy is available at the following web sites:</P>
<PRE>
 <A HREF="http://unxutils.sourceforge.net">http://unxutils.sourceforge.net</A>
 <A HREF="http://packages.SoftwareDiamnds.com">http://packages.SoftwareDiamnds.com</A></PRE>
<P>There are no other additional requirements or tailoring needed of 
configurations files, adaptation data or other software needed for this
installation particular to any installation site.</P>
<P>
<H2><A NAME="3.5 related documents.">3.5 Related documents.</A></H2>
<P>There are no related documents needed for the installation and
test of this release.</P>
<P>
<H2><A NAME="3.6 installation instructions.">3.6 Installation instructions.</A></H2>
<P>To installed the release file, use the CPAN module in the Perl release
or the INSTALL.PL script at the following web site:</P>
<PRE>
 <A HREF="http://packages.SoftwareDiamonds.com">http://packages.SoftwareDiamonds.com</A></PRE>
<P>Follow the instructions for the the chosen installation software.</P>
<P>The distribution file is at the following respositories:</P>
<PRE>
   <A HREF="http://www.softwarediamonds/packages/SVDtest1-0.02">http://www.softwarediamonds/packages/SVDtest1-0.02</A>
   <A HREF="http://www.perl.com/CPAN-local/authors/id/S/SO/SOFTDIA/SVDtest1-0.02">http://www.perl.com/CPAN-local/authors/id/S/SO/SOFTDIA/SVDtest1-0.02</A></PRE>
<P>
<H2><A NAME="3.6.1 installation support.">3.6.1 Installation support.</A></H2>
<P>If there are installation problems or questions with the installation
contact</P>
<PRE>
 603 882-0846 E&lt;lt&gt;support@SoftwareDiamonds.comE&lt;gt&gt;</PRE>
<P>
<H2><A NAME="3.6.2 installation tests.">3.6.2 Installation Tests.</A></H2>
<P>Most Perl installation software will run the following test <CODE>script(s)</CODE>
as part of the installation:</P>
<PRE>
 t/SVDtest1.t</PRE>
<P>
<H2><A NAME="3.7 possible problems and known errors">3.7 Possible problems and known errors</A></H2>
<P>There are no open issues.</P>
<P>
<A HREF="#__index__"><SMALL>'Back to Top'</SMALL></A>
<HR>
<H1><A NAME="4.0 notes">4.0 NOTES</A></H1>
<P>The following are useful acronyms:</P>
<DL>
<DT><STRONG><A NAME="item_%2Ed">.d</A></STRONG><BR>
<DD>
extension for a Perl demo script file
<P></P>
<DT><STRONG><A NAME="item_%2Epm">.pm</A></STRONG><BR>
<DD>
extension for a Perl Library Module
<P></P>
<DT><STRONG><A NAME="item_%2Et">.t</A></STRONG><BR>
<DD>
extension for a Perl test script file
<P></P>
<DT><STRONG><A NAME="item_DID">DID</A></STRONG><BR>
<DD>
Data Item Description
<P></P>
<DT><STRONG><A NAME="item_POD">POD</A></STRONG><BR>
<DD>
Plain Old Documentation
<P></P>
<DT><STRONG><A NAME="item_STD">STD</A></STRONG><BR>
<DD>
Software Test Description
<P></P>
<DT><STRONG><A NAME="item_SVD">SVD</A></STRONG><BR>
<DD>
Software Version Description
<P></P></DL>
<P>
<A HREF="#__index__"><SMALL>'Back to Top'</SMALL></A>
<HR>
<H1><A NAME="2.0 see also">2.0 SEE ALSO</A></H1>
<DL>
<DT><STRONG><A NAME="item_ExtUtils%3A%3ASVDmake%7CExtUtils%3A%3ASVDmaker"><A HREF="./\User\SoftwareDiamonds\installation\lib/ExtUtils/SVDmaker.html">ExtUtils::SVDmake</A></A></STRONG><BR>
<DD>
</DL>
<hr>
<p><br>
<!-- BLK ID="PROJECT_MANAGEMENT" -->
<!-- /BLK -->
<p><br>
<!-- BLK ID="NOTICE" -->
<!-- /BLK -->
<p><br>
<!-- BLK ID="OPT-IN" -->
<!-- /BLK -->
<p><br>
<!-- BLK ID="LOG_CGI" -->
<!-- /BLK -->
<p><br><P><A HREF="#__index__"><SMALL>'Back to Top'</SMALL></A></P>
<TABLE BORDER=0 CELLPADDING=0 CELLSPACING=0 WIDTH=100%>
<TR><TD CLASS=block VALIGN=MIDDLE WIDTH=100% BGCOLOR="#cccccc">
<FONT SIZE=+1><STRONG><P CLASS=block>&nbsp;Software Version Description for ExtUtils::SVDmaker::SVDtest - Test SVDmaker</P></STRONG></FONT>
</TD></TR>
</TABLE>

</BODY>

</HTML>
